
> frontend@0.0.0 build
> ng build

[33mÔØ»[39m Building...
[32mÔ£ö[39m Building...
Application bundle generation failed. [3.180 seconds]

node.exe : [1m[31m[31mX 
[41;31m[[41;97mERROR[41;31m][0m [1mNG1: Object is 
possibly 'null'.[0m [1m[35m[plugin 
angular-compiler][0m
Au caractère Ligne:1 : 1
+ & "C:\Program Files\nodejs/node.exe" "C:\Program 
Files\nodejs/node_mo ...
+ ~~~~~~~~~~~~~~~~~~~~~~~~~~~~~~~~~~~~~~~~~~~~~~~~~~~~~~
~~~~~~~~~~~~~~~
    + CategoryInfo          : NotSpecified: ([1m[31m 
   [31mX...r-compiler][0m:String) [], RemoteException
    + FullyQualifiedErrorId : NativeCommandError
 

    src/app/equipment/equipment-form/equipment-form.comp
onent.html:149:66:
[37m      149 Ôöé ...equipment?.createdBy ? 
equipment.[32mcreatedBy[37m : 'John Doe' }}</span>
          ÔòÁ                                     
[32m~~~~~~~~~[0m

  Error occurs in the template of component 
EquipmentFormComponent.

    src/app/equipment/equipment-form/equipment-form.comp
onent.ts:11:15:
[37m      11 Ôöé   templateUrl: 
[32m'./equipment-form.component.html'[37m,
         ÔòÁ                
[32m~~~~~~~~~~~~~~~~~~~~~~~~~~~~~~~~~[0m

[39m[22m
